the test reorts will be here
